
> vite_react_shadcn_ts@0.0.0 build
> vite build

[36mvite v5.4.19 [32mbuilding for production...[36m[39m
transforming...
node.exe : 
Browserslist: 
browsers data 
(caniuse-lite) is 8 
months old. Please 
run:
At line:1 char:1
+ & "E:\Programs\node
js/node.exe" "E:\Prog
rams\nodejs/node_modu
les/npm/ ...
+ ~~~~~~~~~~~~~~~~~~~
~~~~~~~~~~~~~~~~~~~~~
~~~~~~~~~~~~~~~~~~~~~
~~~~~~~~
    + CategoryInfo   
           : NotSpe  
  cified: (Browser   
 slist: b...ld. P    
lease run::Strin    
g) [], RemoteExc    
eption
    + FullyQualified 
   ErrorId : Native  
  CommandError
 
  npx update-browsers
list-db@latest
  Why you should do 
it regularly: https:/
/github.com/browsersl
ist/update-db#readme
[32mΓ£ô[39m 337 modules transformed.
[31mx[39m Build 
failed in 1.10s
[31merror during 
build:
[31m[vite:asset] 
Could not load 
D:\ASL project\seamle
ss-portfolio-suite\sr
c/assets/creative/pho
tography-1.jpg 
(imported by src/page
s/Photography.tsx): 
ENOENT: no such file 
or directory, open 
'D:\ASL project\seaml
ess-portfolio-suite\s
rc\assets\creative\ph
otography-1.jpg'[31m
    at async open (no
de:internal/fs/promis
es:637:25)
    at async 
Object.readFile (node
:internal/fs/promises
:1269:14)
    at async 
fileToBuiltUrl (file:
///D:/ASL%20project/s
eamless-portfolio-sui
te/node_modules/vite/
dist/node/chunks/dep-
C6uTJdX2.js:20428:19)
    at async 
Object.load (file:///
D:/ASL%20project/seam
less-portfolio-suite/
node_modules/vite/dis
t/node/chunks/dep-C6u
TJdX2.js:20328:17)
    at async PluginDr
iver.hookFirstAndGetP
lugin (file:///D:/ASL
%20project/seamless-p
ortfolio-suite/node_m
odules/rollup/dist/es
/shared/node-entry.js
:20630:28)
    at async file:///
D:/ASL%20project/seam
less-portfolio-suite/
node_modules/rollup/d
ist/es/shared/node-en
try.js:19750:33
    at async 
Queue.work (file:///D
:/ASL%20project/seaml
ess-portfolio-suite/n
ode_modules/rollup/di
st/es/shared/node-ent
ry.js:20840:32)[39m
